[audit] base=http://127.0.0.1:3000 keys=13
[audit] jobs=76 (from 76 unique)
[1/76] vina_voice / vi / Lồng Tiếng Phim - Nữ Trẻ 1 … OK 301ms 689832b cached
[2/76] vina_voice / vi / Lồng Tiếng Phim - Nam Già 1 … FAIL 49679ms fetch failed
[3/76] vina_voice / vi / Lồng Tiếng Phim - Nữ Trẻ 2 … FAIL 3ms fetch failed
[4/76] vina_voice / vi / Lồng Tiếng Phim - Nữ Trung Niên 1 … FAIL 2ms fetch failed
[5/76] vina_voice / vi / Lồng Tiếng Phim - Nam Trẻ 1 … FAIL 2ms fetch failed
[6/76] vina_voice / vi / Tiếng Anh - Nam 2 … FAIL 2ms fetch failed
[7/76] vina_voice / vi / Tiếng Anh - Nam 1 … FAIL 1ms fetch failed
[8/76] vina_voice / vi / Tin Tức - Nam Trẻ 1 … FAIL 1ms fetch failed
[9/76] vina_voice / vi / Tiếng Anh - Nữ Trẻ 1 … FAIL 3ms fetch failed
[10/76] vina_voice / vi / Tiếng Anh - Nữ Trẻ 1 - Giận dữ … FAIL 2ms fetch failed
[11/76] vina_voice / vi / Tin Tức - Nữ Trẻ 1 … FAIL 2ms fetch failed
[12/76] vina_voice / vi / Quảng Cáo Game - Nữ Trẻ 1 … FAIL 1ms fetch failed
[13/76] vina_voice / vi / Quảng Cáo Game - Nam Trung Niên 1 … FAIL 1ms fetch failed
[14/76] vina_voice / vi / Thuyết Pháp - Nam Trung Niên 1 … FAIL 2ms fetch failed
[15/76] vina_voice / vi / Thuyết Pháp - Nam Trung Niên 2 … FAIL 2ms fetch failed
[16/76] vina_voice / vi / Điếu Văn - Nam Già 1 - Chậm … FAIL 1ms fetch failed
[17/76] vina_voice / vi / Điếu Văn - Nam Già 1 - Nhanh … FAIL 1ms fetch failed
[18/76] vina_voice / vi / Điếu Văn - Nam Già 1 - Đọc thơ … FAIL 1ms fetch failed
[19/76] vina_voice / vi / Quảng Cáo SP - Nữ Trẻ 1 … FAIL 1ms fetch failed
[20/76] vina_voice / vi / Lồng Tiếng Phim - Đông Phương Bất Bại … FAIL 1ms fetch failed
[21/76] vina_voice / vi / Truyện Ma - Nam Trung Niên 1 … FAIL 1ms fetch failed
[22/76] vina_voice / vi / Tin Tức - Nam Trẻ 2 … FAIL 1ms fetch failed
[23/76] vina_voice / vi / Truyện Ma - Nam Trẻ 1 … FAIL 2ms fetch failed
[24/76] vina_voice / vi / Thuyết Pháp - Nam Trung Niên 3 … FAIL 1ms fetch failed
[25/76] vina_voice / vi / Thuyết Pháp - Nam Trung Niên 4 … FAIL 1ms fetch failed
[26/76] vina_voice / vi / Quảng Cáo SP - Nam Trẻ 1 … FAIL 1ms fetch failed
[27/76] vina_voice / vi / Văn Chương - Nam Già 1 … FAIL 1ms fetch failed
[28/76] vina_voice / vi / Thuyết Minh - Nữ Trung Niên 1 … FAIL 1ms fetch failed
[29/76] vina_voice / vi / Kiến Thức Khoa Học - Nữ Trẻ 1 … FAIL 1ms fetch failed
[30/76] vina_voice / vi / Lồng Tiếng Phim - Nữ Trẻ 3 … FAIL 1ms fetch failed
[31/76] vina_voice / vi / Lồng Tiếng Phim - Nữ Trẻ 4 … FAIL 1ms fetch failed
[32/76] vina_voice / vi / Lồng Tiếng Phim - Nam Trung Niên 4 … FAIL 1ms fetch failed
[33/76] vina_voice / vi / Tin Tức - Nữ Trung Niên 1 … FAIL 1ms fetch failed
[34/76] vina_voice / vi / Lồng Tiếng Phim - Nam Trung Niên 3 … FAIL 1ms fetch failed
[35/76] vina_voice / vi / Tin Tức - Nam Trẻ 3 … FAIL 2ms fetch failed
[36/76] vina_voice / vi / Tiếng Anh - Nam Trẻ 3 … FAIL 0ms fetch failed
[37/76] vina_voice / vi / Kiến Thức Khoa Học - Nữ Trung Niên 1 … FAIL 1ms fetch failed
[38/76] vina_voice / vi / Kiến Thức Khoa Học - Nữ Trẻ 2 … FAIL 1ms fetch failed
[39/76] vina_voice / vi / Thuyết Pháp - Nam Trung Niên 5 … FAIL 1ms fetch failed
[40/76] vina_voice / vi / Truyện Ma - Nam Già 1 … FAIL 1ms fetch failed
[41/76] vina_voice / vi / Thuyết Minh 2 - Nữ Trung Niên 1 … FAIL 1ms fetch failed
[42/76] vina_voice / vi / Lồng Tiếng Phim - Nam Trẻ 2 … FAIL 1ms fetch failed
[43/76] vina_voice / vi / Lồng Tiếng Phim - Nam Già 2 … FAIL 1ms fetch failed
[44/76] vina_voice / vi / Lồng Tiếng Phim - Nam Trung Niên 5 … FAIL 1ms fetch failed
[45/76] vina_voice / vi / Lồng Tiếng Phim - Nam Trẻ 3 … FAIL 1ms fetch failed
[46/76] vina_voice / vi / Lồng Tiếng Phim - Nam Trung Niên 6 … FAIL 1ms fetch failed
[47/76] vina_voice / vi / Lồng Tiếng Phim - Nữ Trung Niên 2 … FAIL 1ms fetch failed
[48/76] vina_voice / vi / Lồng Tiếng Phim - Nam Già 3 … FAIL 1ms fetch failed
[49/76] vina_voice / vi / Lồng Tiếng Phim - Nam Trẻ 4 … FAIL 1ms fetch failed
[50/76] vina_voice / vi / Lồng Tiếng Phim - Nữ Trẻ 5 … FAIL 1ms fetch failed
[51/76] vina_voice / vi / Lồng Tiếng Phim - Nam Trung Niên 7 … FAIL 1ms fetch failed
[52/76] vina_voice / vi / Lồng Tiếng Phim - Nam Trung Niên 8 … FAIL 3ms fetch failed
[53/76] vina_voice / vi / Lồng Tiếng Phim - Nam Già 4 … FAIL 1ms fetch failed
[54/76] vina_voice / vi / Lồng Tiếng Phim - Nữ Trung Niên 3 … FAIL 1ms fetch failed
[55/76] vina_voice / vi / Lồng Tiếng Phim - Kenny - Nam Trung Niên … FAIL 1ms fetch failed
[56/76] vina_voice / vi / Kenny - Nam - Kể chuyện - Trầm ấm, Chậm rãi … FAIL 2ms fetch failed
[57/76] vina_voice / vi / Kenny - Nam - Kể chuyện - Bí ẩn, Kinh dị … FAIL 1ms fetch failed
[58/76] vina_voice / vi / Kenny - Nam - Cảm Xúc - Vui vẻ - Hào hứng … FAIL 1ms fetch failed
[59/76] vina_voice / vi / Kenny - Nam - Cảm Xúc - Dịu dàng - An ủi … FAIL 1ms fetch failed
[60/76] vina_voice / vi / Kenny - Nam - Cảm Xúc - Buồn bã - Tuyệt vọng … FAIL 1ms fetch failed
[61/76] vina_voice / vi / Kenny - Nam - Cảm Xúc - Mệt mỏi - Chán chường … FAIL 1ms fetch failed
[62/76] vina_voice / vi / Kenny - Nam - Cảm Xúc - Giận dữ - Quát tháo … FAIL 1ms fetch failed
[63/76] vina_voice / vi / Kenny - Nam - Cảm Xúc - Lạnh lùng - Đe dọa … FAIL 1ms fetch failed
[64/76] vina_voice / vi / Kenny - Nam - Giao Tiếp - Tự nhiên - Review … FAIL 1ms fetch failed
[65/76] vina_voice / vi / Kenny - Nam - Cảm Xúc - Ngạc nhiên - Sốc … FAIL 1ms fetch failed
[66/76] vina_voice / vi / Kenny - Nam - Cảm Xúc - Mỉa mai - Châm biếm … FAIL 1ms fetch failed
[67/76] vina_voice / vi / Kenny - Nam - Cảm Xúc - Sợ hãi - Hoảng loạn … FAIL 1ms fetch failed
[68/76] vina_voice / vi / Kenny - Nam - Cảm Xúc -  E thẹn - Ngại ngùng … FAIL 1ms fetch failed
[69/76] vina_voice / vi / Kenny - Nam - Cảm Xúc -  Quyến rũ - Gợi cảm … FAIL 1ms fetch failed
[70/76] vina_voice / vi / Kenny - Nam - Sắc Thái -  Kiêu ngạo - Bề trên … FAIL 1ms fetch failed
[71/76] vina_voice / vi / Kenny - Nam - Đọc Tin tức - Thời sự … FAIL 1ms fetch failed
[72/76] vina_voice / vi / Kenny - Nam - Đọc Quảng cáo - Sôi động … FAIL 1ms fetch failed
[73/76] vina_voice / vi / Kenny - Nam - Giọng Hùng hồn - Truyền cảm hứng … FAIL 1ms fetch failed
[74/76] vina_voice / vi / Kenny - Nam - Giọng Già - Lão niên … FAIL 1ms fetch failed
[75/76] vina_voice / vi / Kenny - Nam - Giọng Trẻ con - Ngây thơ … FAIL 1ms fetch failed
[76/76] vina_voice / vi / Kenny - Nam - Giọng Say xỉn … FAIL 1ms fetch failed

=== SUMMARY ===
{
  "totals": {
    "jobs": 76,
    "pass": 1,
    "fail": 75
  },
  "byPlatform": {
    "vina_voice": {
      "pass": 1,
      "fail": 75,
      "fails": [
        {
          "voice": "Lồng Tiếng Phim - Nam Già 1",
          "lang": "vi",
          "error": "fetch failed"
        },
        {
          "voice": "Lồng Tiếng Phim - Nữ Trẻ 2",
          "lang": "vi",
          "error": "fetch failed"
        },
        {
          "voice": "Lồng Tiếng Phim - Nữ Trung Niên 1",
          "lang": "vi",
          "error": "fetch failed"
        },
        {
          "voice": "Lồng Tiếng Phim - Nam Trẻ 1",
          "lang": "vi",
          "error": "fetch failed"
        },
        {
          "voice": "Tiếng Anh - Nam 2",
          "lang": "vi",
          "error": "fetch failed"
        },
        {
          "voice": "Tiếng Anh - Nam 1",
          "lang": "vi",
          "error": "fetch failed"
        },
        {
          "voice": "Tin Tức - Nam Trẻ 1",
          "lang": "vi",
          "error": "fetch failed"
        },
        {
          "voice": "Tiếng Anh - Nữ Trẻ 1",
          "lang": "vi",
          "error": "fetch failed"
        },
        {
          "voice": "Tiếng Anh - Nữ Trẻ 1 - Giận dữ",
          "lang": "vi",
          "error": "fetch failed"
        },
        {
          "voice": "Tin Tức - Nữ Trẻ 1",
          "lang": "vi",
          "error": "fetch failed"
        },
        {
          "voice": "Quảng Cáo Game - Nữ Trẻ 1",
          "lang": "vi",
          "error": "fetch failed"
        },
        {
          "voice": "Quảng Cáo Game - Nam Trung Niên 1",
          "lang": "vi",
          "error": "fetch failed"
        },
        {
          "voice": "Thuyết Pháp - Nam Trung Niên 1",
          "lang": "vi",
          "error": "fetch failed"
        },
        {
          "voice": "Thuyết Pháp - Nam Trung Niên 2",
          "lang": "vi",
          "error": "fetch failed"
        },
        {
          "voice": "Điếu Văn - Nam Già 1 - Chậm",
          "lang": "vi",
          "error": "fetch failed"
        },
        {
          "voice": "Điếu Văn - Nam Già 1 - Nhanh",
          "lang": "vi",
          "error": "fetch failed"
        },
        {
          "voice": "Điếu Văn - Nam Già 1 - Đọc thơ",
          "lang": "vi",
          "error": "fetch failed"
        },
        {
          "voice": "Quảng Cáo SP - Nữ Trẻ 1",
          "lang": "vi",
          "error": "fetch failed"
        },
        {
          "voice": "Lồng Tiếng Phim - Đông Phương Bất Bại",
          "lang": "vi",
          "error": "fetch failed"
        },
        {
          "voice": "Truyện Ma - Nam Trung Niên 1",
          "lang": "vi",
          "error": "fetch failed"
        },
        {
          "voice": "Tin Tức - Nam Trẻ 2",
          "lang": "vi",
          "error": "fetch failed"
        },
        {
          "voice": "Truyện Ma - Nam Trẻ 1",
          "lang": "vi",
          "error": "fetch failed"
        },
        {
          "voice": "Thuyết Pháp - Nam Trung Niên 3",
          "lang": "vi",
          "error": "fetch failed"
        },
        {
          "voice": "Thuyết Pháp - Nam Trung Niên 4",
          "lang": "vi",
          "error": "fetch failed"
        },
        {
          "voice": "Quảng Cáo SP - Nam Trẻ 1",
          "lang": "vi",
          "error": "fetch failed"
        },
        {
          "voice": "Văn Chương - Nam Già 1",
          "lang": "vi",
          "error": "fetch failed"
        },
        {
          "voice": "Thuyết Minh - Nữ Trung Niên 1",
          "lang": "vi",
          "error": "fetch failed"
        },
        {
          "voice": "Kiến Thức Khoa Học - Nữ Trẻ 1",
          "lang": "vi",
          "error": "fetch failed"
        },
        {
          "voice": "Lồng Tiếng Phim - Nữ Trẻ 3",
          "lang": "vi",
          "error": "fetch failed"
        },
        {
          "voice": "Lồng Tiếng Phim - Nữ Trẻ 4",
          "lang": "vi",
          "error": "fetch failed"
        },
        {
          "voice": "Lồng Tiếng Phim - Nam Trung Niên 4",
          "lang": "vi",
          "error": "fetch failed"
        },
        {
          "voice": "Tin Tức - Nữ Trung Niên 1",
          "lang": "vi",
          "error": "fetch failed"
        },
        {
          "voice": "Lồng Tiếng Phim - Nam Trung Niên 3",
          "lang": "vi",
          "error": "fetch failed"
        },
        {
          "voice": "Tin Tức - Nam Trẻ 3",
          "lang": "vi",
          "error": "fetch failed"
        },
        {
          "voice": "Tiếng Anh - Nam Trẻ 3",
          "lang": "vi",
          "error": "fetch failed"
        },
        {
          "voice": "Kiến Thức Khoa Học - Nữ Trung Niên 1",
          "lang": "vi",
          "error": "fetch failed"
        },
        {
          "voice": "Kiến Thức Khoa Học - Nữ Trẻ 2",
          "lang": "vi",
          "error": "fetch failed"
        },
        {
          "voice": "Thuyết Pháp - Nam Trung Niên 5",
          "lang": "vi",
          "error": "fetch failed"
        },
        {
          "voice": "Truyện Ma - Nam Già 1",
          "lang": "vi",
          "error": "fetch failed"
        },
        {
          "voice": "Thuyết Minh 2 - Nữ Trung Niên 1",
          "lang": "vi",
          "error": "fetch failed"
        },
        {
          "voice": "Lồng Tiếng Phim - Nam Trẻ 2",
          "lang": "vi",
          "error": "fetch failed"
        },
        {
          "voice": "Lồng Tiếng Phim - Nam Già 2",
          "lang": "vi",
          "error": "fetch failed"
        },
        {
          "voice": "Lồng Tiếng Phim - Nam Trung Niên 5",
          "lang": "vi",
          "error": "fetch failed"
        },
        {
          "voice": "Lồng Tiếng Phim - Nam Trẻ 3",
          "lang": "vi",
          "error": "fetch failed"
        },
        {
          "voice": "Lồng Tiếng Phim - Nam Trung Niên 6",
          "lang": "vi",
          "error": "fetch failed"
        },
        {
          "voice": "Lồng Tiếng Phim - Nữ Trung Niên 2",
          "lang": "vi",
          "error": "fetch failed"
        },
        {
          "voice": "Lồng Tiếng Phim - Nam Già 3",
          "lang": "vi",
          "error": "fetch failed"
        },
        {
          "voice": "Lồng Tiếng Phim - Nam Trẻ 4",
          "lang": "vi",
          "error": "fetch failed"
        },
        {
          "voice": "Lồng Tiếng Phim - Nữ Trẻ 5",
          "lang": "vi",
          "error": "fetch failed"
        },
        {
          "voice": "Lồng Tiếng Phim - Nam Trung Niên 7",
          "lang": "vi",
          "error": "fetch failed"
        },
        {
          "voice": "Lồng Tiếng Phim - Nam Trung Niên 8",
          "lang": "vi",
          "error": "fetch failed"
        },
        {
          "voice": "Lồng Tiếng Phim - Nam Già 4",
          "lang": "vi",
          "error": "fetch failed"
        },
        {
          "voice": "Lồng Tiếng Phim - Nữ Trung Niên 3",
          "lang": "vi",
          "error": "fetch failed"
        },
        {
          "voice": "Lồng Tiếng Phim - Kenny - Nam Trung Niên",
          "lang": "vi",
          "error": "fetch failed"
        },
        {
          "voice": "Kenny - Nam - Kể chuyện - Trầm ấm, Chậm rãi",
          "lang": "vi",
          "error": "fetch failed"
        },
        {
          "voice": "Kenny - Nam - Kể chuyện - Bí ẩn, Kinh dị",
          "lang": "vi",
          "error": "fetch failed"
        },
        {
          "voice": "Kenny - Nam - Cảm Xúc - Vui vẻ - Hào hứng",
          "lang": "vi",
          "error": "fetch failed"
        },
        {
          "voice": "Kenny - Nam - Cảm Xúc - Dịu dàng - An ủi",
          "lang": "vi",
          "error": "fetch failed"
        },
        {
          "voice": "Kenny - Nam - Cảm Xúc - Buồn bã - Tuyệt vọng",
          "lang": "vi",
          "error": "fetch failed"
        },
        {
          "voice": "Kenny - Nam - Cảm Xúc - Mệt mỏi - Chán chường",
          "lang": "vi",
          "error": "fetch failed"
        },
        {
          "voice": "Kenny - Nam - Cảm Xúc - Giận dữ - Quát tháo",
          "lang": "vi",
          "error": "fetch failed"
        },
        {
          "voice": "Kenny - Nam - Cảm Xúc - Lạnh lùng - Đe dọa",
          "lang": "vi",
          "error": "fetch failed"
        },
        {
          "voice": "Kenny - Nam - Giao Tiếp - Tự nhiên - Review",
          "lang": "vi",
          "error": "fetch failed"
        },
        {
          "voice": "Kenny - Nam - Cảm Xúc - Ngạc nhiên - Sốc",
          "lang": "vi",
          "error": "fetch failed"
        },
        {
          "voice": "Kenny - Nam - Cảm Xúc - Mỉa mai - Châm biếm",
          "lang": "vi",
          "error": "fetch failed"
        },
        {
          "voice": "Kenny - Nam - Cảm Xúc - Sợ hãi - Hoảng loạn",
          "lang": "vi",
          "error": "fetch failed"
        },
        {
          "voice": "Kenny - Nam - Cảm Xúc -  E thẹn - Ngại ngùng",
          "lang": "vi",
          "error": "fetch failed"
        },
        {
          "voice": "Kenny - Nam - Cảm Xúc -  Quyến rũ - Gợi cảm",
          "lang": "vi",
          "error": "fetch failed"
        },
        {
          "voice": "Kenny - Nam - Sắc Thái -  Kiêu ngạo - Bề trên",
          "lang": "vi",
          "error": "fetch failed"
        },
        {
          "voice": "Kenny - Nam - Đọc Tin tức - Thời sự",
          "lang": "vi",
          "error": "fetch failed"
        },
        {
          "voice": "Kenny - Nam - Đọc Quảng cáo - Sôi động",
          "lang": "vi",
          "error": "fetch failed"
        },
        {
          "voice": "Kenny - Nam - Giọng Hùng hồn - Truyền cảm hứng",
          "lang": "vi",
          "error": "fetch failed"
        },
        {
          "voice": "Kenny - Nam - Giọng Già - Lão niên",
          "lang": "vi",
          "error": "fetch failed"
        },
        {
          "voice": "Kenny - Nam - Giọng Trẻ con - Ngây thơ",
          "lang": "vi",
          "error": "fetch failed"
        },
        {
          "voice": "Kenny - Nam - Giọng Say xỉn",
          "lang": "vi",
          "error": "fetch failed"
        }
      ]
    }
  }
}
WROTE D:\My app\AI Novel\tmp-all-voice-previews.json
